Nothing to build in platform 'system_top'

16:25:22 **** Incremental Build of configuration Debug for project ad9361 ****
make all 
G:/vivado.2021.2/Vitis/2021.2/gnuwin/bin/make --no-print-directory pre-build
a9-linaro-pre-build-step
' '
G:/vivado.2021.2/Vitis/2021.2/gnuwin/bin/make --no-print-directory main-build
'Building file: ../src/main.c'
'Invoking: ARM v7 gcc compiler'
arm-none-eabi-gcc -Wall -O0 -g3 -I"D:\zc706_ad9361\vitis\ad9361\src\console_commands" -I"D:\zc706_ad9361\vitis\ad9361\src\user_diy" -I"D:\zc706_ad9361\vitis\system_top\ps7_cortexa9_0\standalone_ps7_cortexa9_0\bsp\ps7_cortexa9_0\include" -I"D:\zc706_ad9361\vitis\ad9361\src\platform_xilinx" -I"D:\zc706_ad9361\vitis\ad9361\src" -c -fmessage-length=0 -MT"src/main.o" -mcpu=cortex-a9 -mfpu=vfpv3 -mfloat-abi=hard -IC:/Users/20915/Desktop/zijib/zc706_ad9361/vitis/system_top/export/system_top/sw/system_top/standalone_ps7_cortexa9_0/bspinclude/include -MMD -MP -MF"src/main.d" -MT"src/main.o" -o "src/main.o" "../src/main.c"
'Finished building: ../src/main.c'
' '
'Building target: ad9361.elf'
'Invoking: ARM v7 gcc linker'
arm-none-eabi-gcc -L"D:\zc706_ad9361\vitis\system_top\export\system_top\sw\system_top\standalone_ps7_cortexa9_0\bsplib\lib" -mcpu=cortex-a9 -mfpu=vfpv3 -mfloat-abi=hard -Wl,-build-id=none -specs=Xilinx.spec -Wl,-T -Wl,../src/lscript.ld -LC:/Users/20915/Desktop/zijib/zc706_ad9361/vitis/system_top/export/system_top/sw/system_top/standalone_ps7_cortexa9_0/bsplib/lib -o "ad9361.elf"  ./src/user_diy/adc_sd_logger.o ./src/user_diy/qpsk_tx.o  ./src/platform_xilinx/adc_core.o ./src/platform_xilinx/dac_core.o ./src/platform_xilinx/platform.o  ./src/console_commands/command.o ./src/console_commands/console.o  ./src/ad9361.o ./src/ad9361_api.o ./src/ad9361_conv.o ./src/main.o ./src/syscalls.o ./src/util.o   -lxilffs -lm -lxil -Wl,--start-group,-lxil,-lgcc,-lc,--end-group
'Finished building target: ad9361.elf'
' '
'Invoking: ARM v7 Print Size'
arm-none-eabi-size ad9361.elf  |tee "ad9361.elf.size"
   text	   data	    bss	    dec	    hex	filename
 322359	   4944	  27168	 354471	  568a7	ad9361.elf
'Finished building: ad9361.elf.size'
' '
